<html>
<body>
<pre>
<h1>µVision Build Log</h1>
<h2>Project:</h2>
C:\Users\Nick\Downloads\Lab_Lessons_Source\Lab_Lessons_Source\Lab5_FunctionsInC\Lab5.uvproj
Project File Date:  10/08/2014

<h2>Output:</h2>
Rebuild target 'FunctionsInC'
assembling startup.s...
compiling UART.c...
compiling main.c...
linking...
Program Size: Code=3836 RO-data=840 RW-data=56 ZI-data=1656  
".\FunctionsInC.axf" - 0 Error(s), 0 Warning(s).
Load "C:\\Users\\Nick\\Downloads\\Lab_Lessons_Source\\Lab_Lessons_Source\\Lab5_FunctionsInC\\FunctionsInC.axf" 
Connecting: Mode=JTAG, Speed=1000000Hz
Erase Done.
Programming Done.
Verify OK.
Load "C:\\Users\\Nick\\Downloads\\Lab_Lessons_Source\\Lab_Lessons_Source\\Lab5_FunctionsInC\\FunctionsInC.axf" 
Connecting: Mode=JTAG, Speed=1000000Hz
Erase Done.
Programming Done.
Verify OK.
</pre>
</body>
</html>
